Accumulated flood damage
Accumulated innundation damage
Annual Paddy dam investment
Biodiversity
Capacity Building
Capacity per dam investment
CO2 absorption
CO2 absorption per area
Coefficient for ecosystem
Cost for unit drainage increase
Crop price
"Current high-water discharge"
current planting trees
Daily ave temp
Daily crop production
Daily max temp
Daily min temp
Daily precip
Daily precipitation future ratio
Daily Total GDP
Dam capacity
Dam capacity increase
Dam construction time
Dam inflow
Dam investment
Dam investment amount
Dam investment start time
Dam outflow
Dam spill
Dam storage
Damaged houses
Damaged paddy field
Degradation of paddy dam
Delay of recovery
Deterioration ratio by heat
Direct discharge ratio
Discharge allowance
Discharge amount ratio
Downstream area
Downstream deep percolation
Downstream deep percolation ratio
Downstream inflow
Downstream middle flow
Downstream middle flow ratio
Downstream outflow
Downstream outflow ratio
Downstream percolation
Downstream percolation ratio
Downstream storage
Downstream storage capacity
Downstream storage depth
Downstream underground
Drainage
Drainage capacity
Drainage investment
Drainage investment amount
Eldery people ratio
Elevated houses
Erosion control dam capacity
Erosion control of forest
Evacuation ratio
Evaporation downstream
Evaporation ratio
Evaporation upstream
Excessive surface flow
FINAL TIME
Financial damage by flood
Financial damage by innundation
Flood damage per resident
Flood damage ratio
Flood risky area ratio
Flood water amount
Flood water level
flow
flow flag
flow log error sq
Forest area
Forest area ratio
Forest area storage capacity
GDP per resident
Green infrastructure cost
high flow error
House elevation cost
Houses damaged by flood
Houses damaged by inundation
Houses in flood risk
Houses in inundation risk
"Houses in non-risky area"
Inflow of damaged houses
Inflow of damaged paddy field
Inflow of elevated houses
Inflow of forest area
Inflow of houses in flood risk
"Inflow of houses in non-risky area"
Inflow of houses in risky area
Inflow of paddy field
Inflow rate of residents
Infrastructure Cost
Initial dam capacity
Initial drainage capacity
Initial paddy dam ratio
INITIAL TIME
Innundation damage per resident
Innundation level
Innundation risky area ratio
Inside water innundation level
Inundation damage ratio
Landslide disaster risk
Levee construction time
Levee investment
Levee investment amount
Levee investment start time
Levee level increase
Level per levee investment
Middle flow
Migration cost
Municipality cost
Number of house elevation
Number of lumbering trees
Number of migration
Number of planting trees
Outflow of damaged houses
Outflow of damaged paddy field
Outflow of elevated houses
Outflow of forest area
Outflow of houses in flood risk
"Outflow of houses in non-risky area"
Outflow of houses in risky area
Outflow of paddy field
Outflow rate of residents
Paddy dam area
Paddy dam cost per area
Paddy dam investment
Paddy dam ratio
Paddy field
Paddy field capacity per area
Paddy field productivity
Paddy field ratio
Paddyfield storage capacity
Planting start time
Predischarge capacity
Predischarge control
Price per tree
Ratio of paddy field in risky area
Recovery ratio
River discharge downstream
River discharge upstream
River water level downstream
River water level upstream
Sales of forestry
SAVEPER
Solar radiation time
Time
TIME STEP
top flow error
Tree die ratio
Tree growth time
Trees per area
Unit cost of elevation
Unit cost of migration
Unit cost of planting trees
Upstream area
Upstream deep Percolation
Upstream deep percolation ratio
Upstream inflow
Upstream middle flow ratio
Upstream outflow
Upstream outflow ratio
Upstream percolation
Upstream percolation ratio
Upstream storage
Upstream storage capacity
Upstream underground
"Water-holding Capacity of Forest"
Wild animal damage
Zero
